C:\prabhas>git add actor.txt

C:\prabhas>git status
On branch master

No commits yet

Changes to be committed:
  (use "git rm --cached <file>..." to unstage)
        new file:   actor.txt

Untracked files:
  (use "git add <file>..." to include in what will be committed)
        abc.txt


C:\prabhas>git commit -m "first"
[master (root-commit) 702cf8a] first
 1 file changed, 1 insertion(+)
 create mode 100644 actor.txt

C:\prabhas>git status
On branch master
Untracked files:
  (use "git add <file>..." to include in what will be committed)
        abc.txt

nothing added to commit but untracked files present (use "git add" to track)

C:\prabhas>git remote add origin https://github.com/Vinesh-Gone/prabhas

C:\prabhas>git push origin master
Enumerating objects: 3, done.
Counting objects: 100% (3/3), done.
Writing objects: 100% (3/3), 219 bytes | 109.00 KiB/s, done.
Total 3 (delta 0), reused 0 (delta 0), pack-reused 0 (from 0)
To https://github.com/Vinesh-Gone/prabhas
 * [new branch]      master -> master

C:\prabhas>cd\

C:\>mkdir vinesh

C:\>cd vinesh

C:\vinesh>exp.txt
'exp.txt' is not recognized as an internal or external command,
operable program or batch file.

C:\vinesh>copycon exp.txt
'copycon' is not recognized as an internal or external command,
operable program or batch file.

C:\vinesh>copy con exp1.txt
jsdfj
^Z
        1 file(s) copied.

C:\vinesh>copy con exp2.c
sjfksdjf
sdfskf
^Z
        1 file(s) copied.

C:\vinesh>dir
 Volume in drive C has no label.
 Volume Serial Number is C4EC-4AD9

 Directory of C:\vinesh

04-02-2025  02:53 PM    <DIR>          .
04-02-2025  02:53 PM    <DIR>          ..
04-02-2025  02:53 PM                 7 exp1.txt
04-02-2025  02:53 PM                18 exp2.c
               2 File(s)             25 bytes
               2 Dir(s)  52,313,120,768 bytes free

C:\vinesh>git status
fatal: not a git repository (or any of the parent directories): .git

C:\vinesh>git
usage: git [-v | --version] [-h | --help] [-C <path>] [-c <name>=<value>]
           [--exec-path[=<path>]] [--html-path] [--man-path] [--info-path]
           [-p | --paginate | -P | --no-pager] [--no-replace-objects] [--no-lazy-fetch]
           [--no-optional-locks] [--no-advice] [--bare] [--git-dir=<path>]
           [--work-tree=<path>] [--namespace=<name>] [--config-env=<name>=<envvar>]
           <command> [<args>]

These are common Git commands used in various situations:

start a working area (see also: git help tutorial)
   clone      Clone a repository into a new directory
   init       Create an empty Git repository or reinitialize an existing one

work on the current change (see also: git help everyday)
   add        Add file contents to the index
   mv         Move or rename a file, a directory, or a symlink
   restore    Restore working tree files
   rm         Remove files from the working tree and from the index

examine the history and state (see also: git help revisions)
   bisect     Use binary search to find the commit that introduced a bug
   diff       Show changes between commits, commit and working tree, etc
   grep       Print lines matching a pattern
   log        Show commit logs
   show       Show various types of objects
   status     Show the working tree status

grow, mark and tweak your common history
   backfill   Download missing objects in a partial clone
   branch     List, create, or delete branches
   commit     Record changes to the repository
   merge      Join two or more development histories together
   rebase     Reapply commits on top of another base tip
   reset      Reset current HEAD to the specified state
   switch     Switch branches
   tag        Create, list, delete or verify a tag object signed with GPG

collaborate (see also: git help workflows)
   fetch      Download objects and refs from another repository
   pull       Fetch from and integrate with another repository or a local branch
   push       Update remote refs along with associated objects

'git help -a' and 'git help -g' list available subcommands and some
concept guides. See 'git help <command>' or 'git help <concept>'
to read about a specific subcommand or concept.
See 'git help git' for an overview of the system.

C:\vinesh>git init
Initialized empty Git repository in C:/vinesh/.git/

C:\vinesh>git status
On branch master

No commits yet

Untracked files:
  (use "git add <file>..." to include in what will be committed)
        exp1.txt
        exp2.c

nothing added to commit but untracked files present (use "git add" to track)

C:\vinesh>git add exp1.txt

C:\vinesh>git status
On branch master

No commits yet

Changes to be committed:
  (use "git rm --cached <file>..." to unstage)
        new file:   exp1.txt

Untracked files:
  (use "git add <file>..." to include in what will be committed)
        exp2.c


C:\vinesh>git add exp2.txt
fatal: pathspec 'exp2.txt' did not match any files

C:\vinesh>git add exp2.c

C:\vinesh>git status
On branch master

No commits yet

Changes to be committed:
  (use "git rm --cached <file>..." to unstage)
        new file:   exp1.txt
        new file:   exp2.c


C:\vinesh>dir
 Volume in drive C has no label.
 Volume Serial Number is C4EC-4AD9

 Directory of C:\vinesh

04-02-2025  02:54 PM    <DIR>          .
04-02-2025  02:54 PM    <DIR>          ..
04-02-2025  02:53 PM                 7 exp1.txt
04-02-2025  02:53 PM                18 exp2.c
               2 File(s)             25 bytes
               2 Dir(s)  52,321,214,464 bytes free

C:\vinesh>git status
On branch master

No commits yet

Changes to be committed:
  (use "git rm --cached <file>..." to unstage)
        new file:   exp1.txt
        new file:   exp2.c


C:\vinesh>git commit -m "sjflkjds"
[master (root-commit) 6ceaf3c] sjflkjds
 2 files changed, 3 insertions(+)
 create mode 100644 exp1.txt
 create mode 100644 exp2.c

C:\vinesh>git status
On branch master
nothing to commit, working tree clean

C:\vinesh>git remote add origin https://github.com/Vinesh-Gone/vinesh

C:\vinesh>git push origin master
Enumerating objects: 4, done.
Counting objects: 100% (4/4), done.
Delta compression using up to 4 threads
Compressing objects: 100% (2/2), done.
Writing objects: 100% (4/4), 276 bytes | 276.00 KiB/s, done.
Total 4 (delta 0), reused 0 (delta 0), pack-reused 0 (from 0)
To https://github.com/Vinesh-Gone/vinesh
 * [new branch]      master -> master

C:\vinesh>